
git clone https://github.com/grivis/test.git test


PULL

 git pull origin main

-- this will download any new files that appeared in GitHub

CREATING A FORK AND A BRANCH

### https://www.digitalocean.com/community/tutorials/how-to-create-a-pull-request-on-github#create-pull-request


Fork a repository using web interface

https://github.com/grivis/cloud_haiku/tree/main
A fork of
https://github.com/do-community/cloud_haiku

git branch grivis_branch  # create a new branch

(base) grivis@Grivis-Main:~/Documents/Active_2022_12/Tatiana/test$ git branch grivis_branch
(base) grivis@Grivis-Main:~/Documents/Active_2022_12/Tatiana/test$ git status
On branch main
Your branch is up-to-date with 'origin/main'.

Changes not staged for commit:
  (use "git add <file>..." to update what will be committed)
  (use "git checkout -- <file>..." to discard changes in working directory)

	modified:   README.md

Untracked files:
  (use "git add <file>..." to include in what will be committed)

	.gitignore
	howto_update.txt


git add .

(base) grivis@Grivis-Main:~/Documents/Active_2022_12/Tatiana/test$ git add .
(base) grivis@Grivis-Main:~/Documents/Active_2022_12/Tatiana/test$ git status
On branch main
Your branch is up-to-date with 'origin/main'.

Changes to be committed:
  (use "git reset HEAD <file>..." to unstage)

	new file:   .gitignore
	modified:   README.md
	new file:   howto_update.txt


git commit -m "Modifications as of December, 5th"

## Now pushing

git push https://**************@github.com/grivis/test.git

git checkout grivis_branch
